// Jest Snapshot v1, https://goo.gl/fbAQLP

exports[`parse css string correctly (nested) + fallback 1`] = `
"
    .c-A-hash .c-B-hash:active .c-C-hash .c-D-hash .c-E-hash:hover {
        color:#fc3;
  }
  
    .c-A-hash .c-B-hash:active .c-C-hash .c-D-hash {
        color:#fc3;color:#333;
  }
  
    .c-A-hash .c-B-hash:active .c-C-hash {
        color:#fc3;color:#333;
  }
  
    .c-A-hash .c-B-hash:active {
        color:#fc3;color:#333;
  }
  
    .c-A-hash {
        color:#fc3;color:#333;
  }
  "
`;

exports[`parse css string correctly (wihtout mixins) 1`] = `
"
    .c-Button-hash:not([disabled]):hover {
        background-color:transparent;
  }
  
    .c-Button-hash:not(.c-PrimaryButton-hash.active):hover {
        background-color:black;
  }
  @keyframes a-colorized-hash {
        
    from {
        color:red;
  }
   
    to {
        color:#fc3;
  }
  
      }@keyframes a-example-first-hash {
        
    0% {
        color:red;
  }
   
    100% {
        color:red;
  }
  
      }
        @media (max-width: 199px) {
          
    .c-Bar-hash .c-WarningButton-hash +.c-Icon-hash,.c-Foo-hash .c-WarningButton-hash +.c-Icon-hash,.c-Bar-hash .c-PrimaryButton-hash +.c-Icon-hash,.c-Foo-hash .c-PrimaryButton-hash +.c-Icon-hash,.c-Bar-hash .c-SucceessButton-hash +.c-Icon-hash,.c-Foo-hash .c-SucceessButton-hash +.c-Icon-hash {
        color:purple;
  }
  
        }
      
    .c-Bar-hash .c-WarningButton-hash +.c-Icon-hash,.c-Foo-hash .c-WarningButton-hash +.c-Icon-hash,.c-Bar-hash .c-PrimaryButton-hash +.c-Icon-hash,.c-Foo-hash .c-PrimaryButton-hash +.c-Icon-hash,.c-Bar-hash .c-SucceessButton-hash +.c-Icon-hash,.c-Foo-hash .c-SucceessButton-hash +.c-Icon-hash {
        padding-right:15px;
  }
  
        @media (max-width: 699px) {
          @keyframes a-example-first-hash {
            
    0% {
        color:red;
  }
   
    40% {
        color:#fc3;
  }
   
    50% {
        color:red;
  }
   
    60% {
        color:black;width:100px;
  }
   
    100% {
        color:red;
  }
  
          }
        }
      
        @media (max-width: 699px) {
          
    .c-Bar-hash .c-WarningButton-hash ~.c-Spinner-hash,.c-Foo-hash .c-WarningButton-hash ~.c-Spinner-hash,.c-Bar-hash .c-PrimaryButton-hash ~.c-Spinner-hash,.c-Foo-hash .c-PrimaryButton-hash ~.c-Spinner-hash,.c-Bar-hash .c-SucceessButton-hash ~.c-Spinner-hash,.c-Foo-hash .c-SucceessButton-hash ~.c-Spinner-hash {
        color:yellow;animation:a-example-first-hash 1s infinity;
  }
  
        }
      
        @media (max-width: 100px) {
          
    .c-Bar-hash .c-WarningButton-hash:hover,.c-Foo-hash .c-WarningButton-hash:hover,.c-Bar-hash .c-PrimaryButton-hash:hover,.c-Foo-hash .c-PrimaryButton-hash:hover,.c-Bar-hash .c-SucceessButton-hash:hover,.c-Foo-hash .c-SucceessButton-hash:hover,.c-Bar-hash .c-WarningButton-hash:active,.c-Foo-hash .c-WarningButton-hash:active,.c-Bar-hash .c-PrimaryButton-hash:active,.c-Foo-hash .c-PrimaryButton-hash:active,.c-Bar-hash .c-SucceessButton-hash:active,.c-Foo-hash .c-SucceessButton-hash:active,.c-Bar-hash .c-WarningButton-hash:focus,.c-Foo-hash .c-WarningButton-hash:focus,.c-Bar-hash .c-PrimaryButton-hash:focus,.c-Foo-hash .c-PrimaryButton-hash:focus,.c-Bar-hash .c-SucceessButton-hash:focus,.c-Foo-hash .c-SucceessButton-hash:focus {
        color:green;
  }
  
        }
      
    .c-Bar-hash .c-WarningButton-hash:hover,.c-Foo-hash .c-WarningButton-hash:hover,.c-Bar-hash .c-PrimaryButton-hash:hover,.c-Foo-hash .c-PrimaryButton-hash:hover,.c-Bar-hash .c-SucceessButton-hash:hover,.c-Foo-hash .c-SucceessButton-hash:hover,.c-Bar-hash .c-WarningButton-hash:active,.c-Foo-hash .c-WarningButton-hash:active,.c-Bar-hash .c-PrimaryButton-hash:active,.c-Foo-hash .c-PrimaryButton-hash:active,.c-Bar-hash .c-SucceessButton-hash:active,.c-Foo-hash .c-SucceessButton-hash:active,.c-Bar-hash .c-WarningButton-hash:focus,.c-Foo-hash .c-WarningButton-hash:focus,.c-Bar-hash .c-PrimaryButton-hash:focus,.c-Foo-hash .c-PrimaryButton-hash:focus,.c-Bar-hash .c-SucceessButton-hash:focus,.c-Foo-hash .c-SucceessButton-hash:focus {
        color:red;
  }
  
        @media (max-width: 1000px) {
          @keyframes a-example-first-hash {
            
    0% {
        color:red;
  }
   
    50% {
        color:yellow;
  }
   
    100% {
        color:red;
  }
  
          }
        }
      
        @media (max-width: 1000px) {
          
    .c-Bar-hash .c-WarningButton-hash,.c-Foo-hash .c-WarningButton-hash,.c-Bar-hash .c-PrimaryButton-hash,.c-Foo-hash .c-PrimaryButton-hash,.c-Bar-hash .c-SucceessButton-hash,.c-Foo-hash .c-SucceessButton-hash {
        background:green;animation:a-example-first-hash 1s infinity;
  }
  
        }
      
    .c-Bar-hash .c-WarningButton-hash,.c-Foo-hash .c-WarningButton-hash,.c-Bar-hash .c-PrimaryButton-hash,.c-Foo-hash .c-PrimaryButton-hash,.c-Bar-hash .c-SucceessButton-hash,.c-Foo-hash .c-SucceessButton-hash {
        padding:10px;margin:10px;animation:a-example-first-hash 10s infinity;border:10px;
  }
  
    .c-Bar-hash,.c-Foo-hash {
        font-size:10px;animation:a-colorized-hash 10s infinity;
  }
  "
`;

exports[`parse css string correctly (with mixins) 1`] = `
"
    .c-Button-hash:not([disabled]):hover {
        background-color:transparent;
  }
  
    .c-Button-hash:not(.c-PrimaryButton-hash.active):hover {
        background-color:black;
  }
  
    .c-Button-hash {
        
  }
  
        @media (max-width: 199px) {
          
    .c-Bar-hash .c-WarningButton-hash +.c-Icon-hash,.c-Foo-hash .c-WarningButton-hash +.c-Icon-hash,.c-Bar-hash .c-PrimaryButton-hash +.c-Icon-hash,.c-Foo-hash .c-PrimaryButton-hash +.c-Icon-hash,.c-Bar-hash .c-SucceessButton-hash +.c-Icon-hash,.c-Foo-hash .c-SucceessButton-hash +.c-Icon-hash {
        color:purple;
  }
  
        }
      
    .c-Bar-hash .c-WarningButton-hash +.c-Icon-hash,.c-Foo-hash .c-WarningButton-hash +.c-Icon-hash,.c-Bar-hash .c-PrimaryButton-hash +.c-Icon-hash,.c-Foo-hash .c-PrimaryButton-hash +.c-Icon-hash,.c-Bar-hash .c-SucceessButton-hash +.c-Icon-hash,.c-Foo-hash .c-SucceessButton-hash +.c-Icon-hash {
        padding-right:15px;
  }
  
        @media (max-width: 699px) {
          
    .c-Bar-hash .c-WarningButton-hash ~.c-Spinner-hash,.c-Foo-hash .c-WarningButton-hash ~.c-Spinner-hash,.c-Bar-hash .c-PrimaryButton-hash ~.c-Spinner-hash,.c-Foo-hash .c-PrimaryButton-hash ~.c-Spinner-hash,.c-Bar-hash .c-SucceessButton-hash ~.c-Spinner-hash,.c-Foo-hash .c-SucceessButton-hash ~.c-Spinner-hash {
        color:yellow;
  }
  
        }
      
    .c-Bar-hash .c-WarningButton-hash ~.c-Spinner-hash,.c-Foo-hash .c-WarningButton-hash ~.c-Spinner-hash,.c-Bar-hash .c-PrimaryButton-hash ~.c-Spinner-hash,.c-Foo-hash .c-PrimaryButton-hash ~.c-Spinner-hash,.c-Bar-hash .c-SucceessButton-hash ~.c-Spinner-hash,.c-Foo-hash .c-SucceessButton-hash ~.c-Spinner-hash {
        
  }
  
        @media (max-width: 100px) {
          
    .c-Bar-hash .c-WarningButton-hash:hover,.c-Foo-hash .c-WarningButton-hash:hover,.c-Bar-hash .c-PrimaryButton-hash:hover,.c-Foo-hash .c-PrimaryButton-hash:hover,.c-Bar-hash .c-SucceessButton-hash:hover,.c-Foo-hash .c-SucceessButton-hash:hover,.c-Bar-hash .c-WarningButton-hash:active,.c-Foo-hash .c-WarningButton-hash:active,.c-Bar-hash .c-PrimaryButton-hash:active,.c-Foo-hash .c-PrimaryButton-hash:active,.c-Bar-hash .c-SucceessButton-hash:active,.c-Foo-hash .c-SucceessButton-hash:active,.c-Bar-hash .c-WarningButton-hash:focus,.c-Foo-hash .c-WarningButton-hash:focus,.c-Bar-hash .c-PrimaryButton-hash:focus,.c-Foo-hash .c-PrimaryButton-hash:focus,.c-Bar-hash .c-SucceessButton-hash:focus,.c-Foo-hash .c-SucceessButton-hash:focus {
        color:green;
  }
  
        }
      
    .c-Bar-hash .c-WarningButton-hash:hover,.c-Foo-hash .c-WarningButton-hash:hover,.c-Bar-hash .c-PrimaryButton-hash:hover,.c-Foo-hash .c-PrimaryButton-hash:hover,.c-Bar-hash .c-SucceessButton-hash:hover,.c-Foo-hash .c-SucceessButton-hash:hover,.c-Bar-hash .c-WarningButton-hash:active,.c-Foo-hash .c-WarningButton-hash:active,.c-Bar-hash .c-PrimaryButton-hash:active,.c-Foo-hash .c-PrimaryButton-hash:active,.c-Bar-hash .c-SucceessButton-hash:active,.c-Foo-hash .c-SucceessButton-hash:active,.c-Bar-hash .c-WarningButton-hash:focus,.c-Foo-hash .c-WarningButton-hash:focus,.c-Bar-hash .c-PrimaryButton-hash:focus,.c-Foo-hash .c-PrimaryButton-hash:focus,.c-Bar-hash .c-SucceessButton-hash:focus,.c-Foo-hash .c-SucceessButton-hash:focus {
        color:red;
  }
  
        @media (max-width: 1000px) {
          
    .c-Bar-hash .c-WarningButton-hash,.c-Foo-hash .c-WarningButton-hash,.c-Bar-hash .c-PrimaryButton-hash,.c-Foo-hash .c-PrimaryButton-hash,.c-Bar-hash .c-SucceessButton-hash,.c-Foo-hash .c-SucceessButton-hash {
        background:green;
  }
  
        }
      
    .c-Bar-hash .c-WarningButton-hash,.c-Foo-hash .c-WarningButton-hash,.c-Bar-hash .c-PrimaryButton-hash,.c-Foo-hash .c-PrimaryButton-hash,.c-Bar-hash .c-SucceessButton-hash,.c-Foo-hash .c-SucceessButton-hash {
        padding:10px;margin:10px;border:10px;
  }
  
    .c-Bar-hash,.c-Foo-hash {
        font-size:10px;
  }
  "
`;

exports[`parse css string correctly (with mixins) 2`] = `
"
    .m-anon-hash-1.c-Button-hash:not([disabled]):hover {
        font-size:2px;
  }
  "
`;

exports[`parse css string correctly (with mixins) 3`] = `
"
    .m-anon-hash-1.c-Button-hash:not([disabled]):hover {
        font-size:3px;
  }
  "
`;

exports[`parse css string correctly (with mixins) 4`] = `
"
    .m-anon-hash-1.c-Button-hash:not(.c-PrimaryButton-hash.active):hover {
        font-size:5px;
  }
  "
`;

exports[`parse css string correctly (with mixins) 5`] = `
"
    .m-anon-hash-1.c-Button-hash:not(.c-PrimaryButton-hash.active):hover {
        font-size:6px;
  }
  "
`;

exports[`parse css string correctly (with mixins) 6`] = `
"
    .m-firstMixin-hash-1.c-Button-hash {
        font-size:1px;
  }
  "
`;

exports[`parse css string correctly (with mixins) 7`] = `
"
    .m-anon-hash-1.c-Button-hash {
        font-size:4px;
  }
  "
`;

exports[`parse css string correctly (with mixins) 8`] = `
"
    .m-anon-hash-1.c-Button-hash {
        font-size:7px;
  }
  "
`;

exports[`parse css string correctly (with mixins) 9`] = `
"
    .m-anon-hash-1.c-Bar-hash .c-WarningButton-hash +.c-Icon-hash,.m-anon-hash-1.c-Foo-hash .c-WarningButton-hash +.c-Icon-hash,.m-anon-hash-1.c-Bar-hash .c-PrimaryButton-hash +.c-Icon-hash,.m-anon-hash-1.c-Foo-hash .c-PrimaryButton-hash +.c-Icon-hash,.m-anon-hash-1.c-Bar-hash .c-SucceessButton-hash +.c-Icon-hash,.m-anon-hash-1.c-Foo-hash .c-SucceessButton-hash +.c-Icon-hash {
        font-size:14px;
  }
  "
`;

exports[`parse css string correctly (with mixins) 10`] = `
"
    .m-anon-hash-1.c-Bar-hash .c-WarningButton-hash +.c-Icon-hash,.m-anon-hash-1.c-Foo-hash .c-WarningButton-hash +.c-Icon-hash,.m-anon-hash-1.c-Bar-hash .c-PrimaryButton-hash +.c-Icon-hash,.m-anon-hash-1.c-Foo-hash .c-PrimaryButton-hash +.c-Icon-hash,.m-anon-hash-1.c-Bar-hash .c-SucceessButton-hash +.c-Icon-hash,.m-anon-hash-1.c-Foo-hash .c-SucceessButton-hash +.c-Icon-hash {
        font-size:15px;
  }
  "
`;

exports[`parse css string correctly (with mixins) 11`] = `
"
    .m-anon-hash-1.c-Bar-hash .c-WarningButton-hash +.c-Icon-hash,.m-anon-hash-1.c-Foo-hash .c-WarningButton-hash +.c-Icon-hash,.m-anon-hash-1.c-Bar-hash .c-PrimaryButton-hash +.c-Icon-hash,.m-anon-hash-1.c-Foo-hash .c-PrimaryButton-hash +.c-Icon-hash,.m-anon-hash-1.c-Bar-hash .c-SucceessButton-hash +.c-Icon-hash,.m-anon-hash-1.c-Foo-hash .c-SucceessButton-hash +.c-Icon-hash {
        font-size:12px;
  }
  "
`;

exports[`parse css string correctly (with mixins) 12`] = `
"
    .m-anon-hash-1.c-Bar-hash .c-WarningButton-hash +.c-Icon-hash,.m-anon-hash-1.c-Foo-hash .c-WarningButton-hash +.c-Icon-hash,.m-anon-hash-1.c-Bar-hash .c-PrimaryButton-hash +.c-Icon-hash,.m-anon-hash-1.c-Foo-hash .c-PrimaryButton-hash +.c-Icon-hash,.m-anon-hash-1.c-Bar-hash .c-SucceessButton-hash +.c-Icon-hash,.m-anon-hash-1.c-Foo-hash .c-SucceessButton-hash +.c-Icon-hash {
        font-size:13px;
  }
  "
`;

exports[`parse css string correctly (with mixins) 13`] = `
"
    .m-anon-hash-1.c-Bar-hash .c-WarningButton-hash ~.c-Spinner-hash,.m-anon-hash-1.c-Foo-hash .c-WarningButton-hash ~.c-Spinner-hash,.m-anon-hash-1.c-Bar-hash .c-PrimaryButton-hash ~.c-Spinner-hash,.m-anon-hash-1.c-Foo-hash .c-PrimaryButton-hash ~.c-Spinner-hash,.m-anon-hash-1.c-Bar-hash .c-SucceessButton-hash ~.c-Spinner-hash,.m-anon-hash-1.c-Foo-hash .c-SucceessButton-hash ~.c-Spinner-hash {
        font-size:17px;
  }
  "
`;

exports[`parse css string correctly (with mixins) 14`] = `
"
    .m-anon-hash-1.c-Bar-hash .c-WarningButton-hash ~.c-Spinner-hash,.m-anon-hash-1.c-Foo-hash .c-WarningButton-hash ~.c-Spinner-hash,.m-anon-hash-1.c-Bar-hash .c-PrimaryButton-hash ~.c-Spinner-hash,.m-anon-hash-1.c-Foo-hash .c-PrimaryButton-hash ~.c-Spinner-hash,.m-anon-hash-1.c-Bar-hash .c-SucceessButton-hash ~.c-Spinner-hash,.m-anon-hash-1.c-Foo-hash .c-SucceessButton-hash ~.c-Spinner-hash {
        font-size:18px;
  }
  "
`;

exports[`parse css string correctly (with mixins) 15`] = `
"
    .m-anon-hash-1.c-Bar-hash .c-WarningButton-hash:hover,.m-anon-hash-1.c-Foo-hash .c-WarningButton-hash:hover,.m-anon-hash-1.c-Bar-hash .c-PrimaryButton-hash:hover,.m-anon-hash-1.c-Foo-hash .c-PrimaryButton-hash:hover,.m-anon-hash-1.c-Bar-hash .c-SucceessButton-hash:hover,.m-anon-hash-1.c-Foo-hash .c-SucceessButton-hash:hover,.m-anon-hash-1.c-Bar-hash .c-WarningButton-hash:active,.m-anon-hash-1.c-Foo-hash .c-WarningButton-hash:active,.m-anon-hash-1.c-Bar-hash .c-PrimaryButton-hash:active,.m-anon-hash-1.c-Foo-hash .c-PrimaryButton-hash:active,.m-anon-hash-1.c-Bar-hash .c-SucceessButton-hash:active,.m-anon-hash-1.c-Foo-hash .c-SucceessButton-hash:active,.m-anon-hash-1.c-Bar-hash .c-WarningButton-hash:focus,.m-anon-hash-1.c-Foo-hash .c-WarningButton-hash:focus,.m-anon-hash-1.c-Bar-hash .c-PrimaryButton-hash:focus,.m-anon-hash-1.c-Foo-hash .c-PrimaryButton-hash:focus,.m-anon-hash-1.c-Bar-hash .c-SucceessButton-hash:focus,.m-anon-hash-1.c-Foo-hash .c-SucceessButton-hash:focus {
        font-size:22px;
  }
  "
`;

exports[`parse css string correctly (with mixins) 16`] = `
"
    .m-anon-hash-1.c-Bar-hash .c-WarningButton-hash:hover,.m-anon-hash-1.c-Foo-hash .c-WarningButton-hash:hover,.m-anon-hash-1.c-Bar-hash .c-PrimaryButton-hash:hover,.m-anon-hash-1.c-Foo-hash .c-PrimaryButton-hash:hover,.m-anon-hash-1.c-Bar-hash .c-SucceessButton-hash:hover,.m-anon-hash-1.c-Foo-hash .c-SucceessButton-hash:hover,.m-anon-hash-1.c-Bar-hash .c-WarningButton-hash:active,.m-anon-hash-1.c-Foo-hash .c-WarningButton-hash:active,.m-anon-hash-1.c-Bar-hash .c-PrimaryButton-hash:active,.m-anon-hash-1.c-Foo-hash .c-PrimaryButton-hash:active,.m-anon-hash-1.c-Bar-hash .c-SucceessButton-hash:active,.m-anon-hash-1.c-Foo-hash .c-SucceessButton-hash:active,.m-anon-hash-1.c-Bar-hash .c-WarningButton-hash:focus,.m-anon-hash-1.c-Foo-hash .c-WarningButton-hash:focus,.m-anon-hash-1.c-Bar-hash .c-PrimaryButton-hash:focus,.m-anon-hash-1.c-Foo-hash .c-PrimaryButton-hash:focus,.m-anon-hash-1.c-Bar-hash .c-SucceessButton-hash:focus,.m-anon-hash-1.c-Foo-hash .c-SucceessButton-hash:focus {
        font-size:23px;
  }
  "
`;

exports[`parse css string correctly (with mixins) 17`] = `
"
    .m-anon-hash-1.c-Bar-hash .c-WarningButton-hash:hover,.m-anon-hash-1.c-Foo-hash .c-WarningButton-hash:hover,.m-anon-hash-1.c-Bar-hash .c-PrimaryButton-hash:hover,.m-anon-hash-1.c-Foo-hash .c-PrimaryButton-hash:hover,.m-anon-hash-1.c-Bar-hash .c-SucceessButton-hash:hover,.m-anon-hash-1.c-Foo-hash .c-SucceessButton-hash:hover,.m-anon-hash-1.c-Bar-hash .c-WarningButton-hash:active,.m-anon-hash-1.c-Foo-hash .c-WarningButton-hash:active,.m-anon-hash-1.c-Bar-hash .c-PrimaryButton-hash:active,.m-anon-hash-1.c-Foo-hash .c-PrimaryButton-hash:active,.m-anon-hash-1.c-Bar-hash .c-SucceessButton-hash:active,.m-anon-hash-1.c-Foo-hash .c-SucceessButton-hash:active,.m-anon-hash-1.c-Bar-hash .c-WarningButton-hash:focus,.m-anon-hash-1.c-Foo-hash .c-WarningButton-hash:focus,.m-anon-hash-1.c-Bar-hash .c-PrimaryButton-hash:focus,.m-anon-hash-1.c-Foo-hash .c-PrimaryButton-hash:focus,.m-anon-hash-1.c-Bar-hash .c-SucceessButton-hash:focus,.m-anon-hash-1.c-Foo-hash .c-SucceessButton-hash:focus {
        font-size:20px;
  }
  "
`;

exports[`parse css string correctly (with mixins) 18`] = `
"
    .m-anon-hash-1.c-Bar-hash .c-WarningButton-hash:hover,.m-anon-hash-1.c-Foo-hash .c-WarningButton-hash:hover,.m-anon-hash-1.c-Bar-hash .c-PrimaryButton-hash:hover,.m-anon-hash-1.c-Foo-hash .c-PrimaryButton-hash:hover,.m-anon-hash-1.c-Bar-hash .c-SucceessButton-hash:hover,.m-anon-hash-1.c-Foo-hash .c-SucceessButton-hash:hover,.m-anon-hash-1.c-Bar-hash .c-WarningButton-hash:active,.m-anon-hash-1.c-Foo-hash .c-WarningButton-hash:active,.m-anon-hash-1.c-Bar-hash .c-PrimaryButton-hash:active,.m-anon-hash-1.c-Foo-hash .c-PrimaryButton-hash:active,.m-anon-hash-1.c-Bar-hash .c-SucceessButton-hash:active,.m-anon-hash-1.c-Foo-hash .c-SucceessButton-hash:active,.m-anon-hash-1.c-Bar-hash .c-WarningButton-hash:focus,.m-anon-hash-1.c-Foo-hash .c-WarningButton-hash:focus,.m-anon-hash-1.c-Bar-hash .c-PrimaryButton-hash:focus,.m-anon-hash-1.c-Foo-hash .c-PrimaryButton-hash:focus,.m-anon-hash-1.c-Bar-hash .c-SucceessButton-hash:focus,.m-anon-hash-1.c-Foo-hash .c-SucceessButton-hash:focus {
        font-size:21px;
  }
  "
`;

exports[`parse css string correctly (with mixins) 19`] = `
"
    .m-anon-hash-1.c-Bar-hash .c-WarningButton-hash,.m-anon-hash-1.c-Foo-hash .c-WarningButton-hash,.m-anon-hash-1.c-Bar-hash .c-PrimaryButton-hash,.m-anon-hash-1.c-Foo-hash .c-PrimaryButton-hash,.m-anon-hash-1.c-Bar-hash .c-SucceessButton-hash,.m-anon-hash-1.c-Foo-hash .c-SucceessButton-hash {
        font-size:25px;
  }
  "
`;

exports[`parse css string correctly (with mixins) 20`] = `
"
    .m-anon-hash-1.c-Bar-hash .c-WarningButton-hash,.m-anon-hash-1.c-Foo-hash .c-WarningButton-hash,.m-anon-hash-1.c-Bar-hash .c-PrimaryButton-hash,.m-anon-hash-1.c-Foo-hash .c-PrimaryButton-hash,.m-anon-hash-1.c-Bar-hash .c-SucceessButton-hash,.m-anon-hash-1.c-Foo-hash .c-SucceessButton-hash {
        font-size:26px;
  }
  "
`;

exports[`parse css string correctly (with mixins) 21`] = `
"
    .m-anon-hash-1.c-Bar-hash .c-WarningButton-hash,.m-anon-hash-1.c-Foo-hash .c-WarningButton-hash,.m-anon-hash-1.c-Bar-hash .c-PrimaryButton-hash,.m-anon-hash-1.c-Foo-hash .c-PrimaryButton-hash,.m-anon-hash-1.c-Bar-hash .c-SucceessButton-hash,.m-anon-hash-1.c-Foo-hash .c-SucceessButton-hash {
        font-size:10px;
  }
  "
`;

exports[`parse css string correctly (with mixins) 22`] = `
"
    .m-anon-hash-1.c-Bar-hash .c-WarningButton-hash,.m-anon-hash-1.c-Foo-hash .c-WarningButton-hash,.m-anon-hash-1.c-Bar-hash .c-PrimaryButton-hash,.m-anon-hash-1.c-Foo-hash .c-PrimaryButton-hash,.m-anon-hash-1.c-Bar-hash .c-SucceessButton-hash,.m-anon-hash-1.c-Foo-hash .c-SucceessButton-hash {
        font-size:11px;
  }
  "
`;

exports[`parse css string correctly (with mixins) 23`] = `
"
    .m-anon-hash-1.c-Bar-hash .c-WarningButton-hash,.m-anon-hash-1.c-Foo-hash .c-WarningButton-hash,.m-anon-hash-1.c-Bar-hash .c-PrimaryButton-hash,.m-anon-hash-1.c-Foo-hash .c-PrimaryButton-hash,.m-anon-hash-1.c-Bar-hash .c-SucceessButton-hash,.m-anon-hash-1.c-Foo-hash .c-SucceessButton-hash {
        font-size:16px;
  }
  "
`;

exports[`parse css string correctly (with mixins) 24`] = `
"
    .m-anon-hash-1.c-Bar-hash .c-WarningButton-hash,.m-anon-hash-1.c-Foo-hash .c-WarningButton-hash,.m-anon-hash-1.c-Bar-hash .c-PrimaryButton-hash,.m-anon-hash-1.c-Foo-hash .c-PrimaryButton-hash,.m-anon-hash-1.c-Bar-hash .c-SucceessButton-hash,.m-anon-hash-1.c-Foo-hash .c-SucceessButton-hash {
        font-size:29px;
  }
  "
`;

exports[`parse css string correctly (with mixins) 25`] = `
"
    .m-anon-hash-1.c-Bar-hash .c-WarningButton-hash,.m-anon-hash-1.c-Foo-hash .c-WarningButton-hash,.m-anon-hash-1.c-Bar-hash .c-PrimaryButton-hash,.m-anon-hash-1.c-Foo-hash .c-PrimaryButton-hash,.m-anon-hash-1.c-Bar-hash .c-SucceessButton-hash,.m-anon-hash-1.c-Foo-hash .c-SucceessButton-hash {
        font-size:30px;
  }
  "
`;

exports[`parse css string correctly (with mixins) 26`] = `
"
    .m-anon-hash-1.c-Bar-hash .c-WarningButton-hash,.m-anon-hash-1.c-Foo-hash .c-WarningButton-hash,.m-anon-hash-1.c-Bar-hash .c-PrimaryButton-hash,.m-anon-hash-1.c-Foo-hash .c-PrimaryButton-hash,.m-anon-hash-1.c-Bar-hash .c-SucceessButton-hash,.m-anon-hash-1.c-Foo-hash .c-SucceessButton-hash {
        font-size:19px;
  }
  "
`;

exports[`parse css string correctly (with mixins) 27`] = `
"
    .m-anon-hash-1.c-Bar-hash .c-WarningButton-hash,.m-anon-hash-1.c-Foo-hash .c-WarningButton-hash,.m-anon-hash-1.c-Bar-hash .c-PrimaryButton-hash,.m-anon-hash-1.c-Foo-hash .c-PrimaryButton-hash,.m-anon-hash-1.c-Bar-hash .c-SucceessButton-hash,.m-anon-hash-1.c-Foo-hash .c-SucceessButton-hash {
        font-size:24px;
  }
  "
`;

exports[`parse css string correctly (with mixins) 28`] = `
"
    .m-anon-hash-1.c-Bar-hash .c-WarningButton-hash,.m-anon-hash-1.c-Foo-hash .c-WarningButton-hash,.m-anon-hash-1.c-Bar-hash .c-PrimaryButton-hash,.m-anon-hash-1.c-Foo-hash .c-PrimaryButton-hash,.m-anon-hash-1.c-Bar-hash .c-SucceessButton-hash,.m-anon-hash-1.c-Foo-hash .c-SucceessButton-hash {
        font-size:27px;
  }
  "
`;

exports[`parse css string correctly (with mixins) 29`] = `
"
    .m-anon-hash-1.c-Bar-hash,.m-anon-hash-1.c-Foo-hash {
        font-size:8px;
  }
  "
`;

exports[`parse css string correctly (with mixins) 30`] = `
"
    .m-anon-hash-1.c-Bar-hash,.m-anon-hash-1.c-Foo-hash {
        font-size:9px;
  }
  "
`;

exports[`parse css string correctly (with mixins) 31`] = `
"
    .m-anon-hash-1.c-Bar-hash,.m-anon-hash-1.c-Foo-hash {
        font-size:28px;
  }
  "
`;

exports[`parse css string correctly (with prop mixins) 1`] = `
"
    .c-Button-hash:not([disabled]):hover {
        
  }
  
    .c-Button-hash:not(.c-PrimaryButton-hash.active):hover {
        
  }
  
        @media (max-width: 199px) {
          
    .c-Bar-hash .c-WarningButton-hash +.c-Icon-hash,.c-Foo-hash .c-WarningButton-hash +.c-Icon-hash,.c-Bar-hash .c-PrimaryButton-hash +.c-Icon-hash,.c-Foo-hash .c-PrimaryButton-hash +.c-Icon-hash,.c-Bar-hash .c-SucceessButton-hash +.c-Icon-hash,.c-Foo-hash .c-SucceessButton-hash +.c-Icon-hash {
        
  }
  
        }
      
    .c-Bar-hash .c-WarningButton-hash +.c-Icon-hash,.c-Foo-hash .c-WarningButton-hash +.c-Icon-hash,.c-Bar-hash .c-PrimaryButton-hash +.c-Icon-hash,.c-Foo-hash .c-PrimaryButton-hash +.c-Icon-hash,.c-Bar-hash .c-SucceessButton-hash +.c-Icon-hash,.c-Foo-hash .c-SucceessButton-hash +.c-Icon-hash {
        
  }
  
        @media (max-width: 699px) {
          
    .c-Bar-hash .c-WarningButton-hash ~.c-Spinner-hash,.c-Foo-hash .c-WarningButton-hash ~.c-Spinner-hash,.c-Bar-hash .c-PrimaryButton-hash ~.c-Spinner-hash,.c-Foo-hash .c-PrimaryButton-hash ~.c-Spinner-hash,.c-Bar-hash .c-SucceessButton-hash ~.c-Spinner-hash,.c-Foo-hash .c-SucceessButton-hash ~.c-Spinner-hash {
        
  }
  
        }
      
        @media (max-width: 100px) {
          
    .c-Bar-hash .c-WarningButton-hash:hover,.c-Foo-hash .c-WarningButton-hash:hover,.c-Bar-hash .c-PrimaryButton-hash:hover,.c-Foo-hash .c-PrimaryButton-hash:hover,.c-Bar-hash .c-SucceessButton-hash:hover,.c-Foo-hash .c-SucceessButton-hash:hover,.c-Bar-hash .c-WarningButton-hash:active,.c-Foo-hash .c-WarningButton-hash:active,.c-Bar-hash .c-PrimaryButton-hash:active,.c-Foo-hash .c-PrimaryButton-hash:active,.c-Bar-hash .c-SucceessButton-hash:active,.c-Foo-hash .c-SucceessButton-hash:active,.c-Bar-hash .c-WarningButton-hash:focus,.c-Foo-hash .c-WarningButton-hash:focus,.c-Bar-hash .c-PrimaryButton-hash:focus,.c-Foo-hash .c-PrimaryButton-hash:focus,.c-Bar-hash .c-SucceessButton-hash:focus,.c-Foo-hash .c-SucceessButton-hash:focus {
        
  }
  
        }
      
    .c-Bar-hash .c-WarningButton-hash:hover,.c-Foo-hash .c-WarningButton-hash:hover,.c-Bar-hash .c-PrimaryButton-hash:hover,.c-Foo-hash .c-PrimaryButton-hash:hover,.c-Bar-hash .c-SucceessButton-hash:hover,.c-Foo-hash .c-SucceessButton-hash:hover,.c-Bar-hash .c-WarningButton-hash:active,.c-Foo-hash .c-WarningButton-hash:active,.c-Bar-hash .c-PrimaryButton-hash:active,.c-Foo-hash .c-PrimaryButton-hash:active,.c-Bar-hash .c-SucceessButton-hash:active,.c-Foo-hash .c-SucceessButton-hash:active,.c-Bar-hash .c-WarningButton-hash:focus,.c-Foo-hash .c-WarningButton-hash:focus,.c-Bar-hash .c-PrimaryButton-hash:focus,.c-Foo-hash .c-PrimaryButton-hash:focus,.c-Bar-hash .c-SucceessButton-hash:focus,.c-Foo-hash .c-SucceessButton-hash:focus {
        
  }
  
        @media (max-width: 1000px) {
          
    .c-Bar-hash .c-WarningButton-hash,.c-Foo-hash .c-WarningButton-hash,.c-Bar-hash .c-PrimaryButton-hash,.c-Foo-hash .c-PrimaryButton-hash,.c-Bar-hash .c-SucceessButton-hash,.c-Foo-hash .c-SucceessButton-hash {
        
  }
  
        }
      
    .c-Bar-hash .c-WarningButton-hash,.c-Foo-hash .c-WarningButton-hash,.c-Bar-hash .c-PrimaryButton-hash,.c-Foo-hash .c-PrimaryButton-hash,.c-Bar-hash .c-SucceessButton-hash,.c-Foo-hash .c-SucceessButton-hash {
        
  }
  
    .c-Bar-hash,.c-Foo-hash {
        
  }
  "
`;

exports[`parse css string correctly (with prop mixins) 2`] = `
"
    .m-backgroundColor-hash-1.c-Button-hash:not([disabled]):hover {
        background-color:green;
  }
  "
`;

exports[`parse css string correctly (with prop mixins) 3`] = `
"
    .m-backgroundColor-hash-1.c-Button-hash:not(.c-PrimaryButton-hash.active):hover {
        background-color:green;
  }
  "
`;

exports[`parse css string correctly (with prop mixins) 4`] = `
"
    .m-color-hash-1.c-Bar-hash .c-WarningButton-hash +.c-Icon-hash,.m-color-hash-1.c-Foo-hash .c-WarningButton-hash +.c-Icon-hash,.m-color-hash-1.c-Bar-hash .c-PrimaryButton-hash +.c-Icon-hash,.m-color-hash-1.c-Foo-hash .c-PrimaryButton-hash +.c-Icon-hash,.m-color-hash-1.c-Bar-hash .c-SucceessButton-hash +.c-Icon-hash,.m-color-hash-1.c-Foo-hash .c-SucceessButton-hash +.c-Icon-hash {
        color:red;
  }
  "
`;

exports[`parse css string correctly (with prop mixins) 5`] = `
"
    .m-paddingRight-hash-1.c-Bar-hash .c-WarningButton-hash +.c-Icon-hash,.m-paddingRight-hash-1.c-Foo-hash .c-WarningButton-hash +.c-Icon-hash,.m-paddingRight-hash-1.c-Bar-hash .c-PrimaryButton-hash +.c-Icon-hash,.m-paddingRight-hash-1.c-Foo-hash .c-PrimaryButton-hash +.c-Icon-hash,.m-paddingRight-hash-1.c-Bar-hash .c-SucceessButton-hash +.c-Icon-hash,.m-paddingRight-hash-1.c-Foo-hash .c-SucceessButton-hash +.c-Icon-hash {
        padding-right:10px;
  }
  "
`;

exports[`parse css string correctly (with prop mixins) 6`] = `
"
    .m-color-hash-1.c-Bar-hash .c-WarningButton-hash ~.c-Spinner-hash,.m-color-hash-1.c-Foo-hash .c-WarningButton-hash ~.c-Spinner-hash,.m-color-hash-1.c-Bar-hash .c-PrimaryButton-hash ~.c-Spinner-hash,.m-color-hash-1.c-Foo-hash .c-PrimaryButton-hash ~.c-Spinner-hash,.m-color-hash-1.c-Bar-hash .c-SucceessButton-hash ~.c-Spinner-hash,.m-color-hash-1.c-Foo-hash .c-SucceessButton-hash ~.c-Spinner-hash {
        color:red;
  }
  "
`;

exports[`parse css string correctly (with prop mixins) 7`] = `
"
    .m-color-hash-1.c-Bar-hash .c-WarningButton-hash:hover,.m-color-hash-1.c-Foo-hash .c-WarningButton-hash:hover,.m-color-hash-1.c-Bar-hash .c-PrimaryButton-hash:hover,.m-color-hash-1.c-Foo-hash .c-PrimaryButton-hash:hover,.m-color-hash-1.c-Bar-hash .c-SucceessButton-hash:hover,.m-color-hash-1.c-Foo-hash .c-SucceessButton-hash:hover,.m-color-hash-1.c-Bar-hash .c-WarningButton-hash:active,.m-color-hash-1.c-Foo-hash .c-WarningButton-hash:active,.m-color-hash-1.c-Bar-hash .c-PrimaryButton-hash:active,.m-color-hash-1.c-Foo-hash .c-PrimaryButton-hash:active,.m-color-hash-1.c-Bar-hash .c-SucceessButton-hash:active,.m-color-hash-1.c-Foo-hash .c-SucceessButton-hash:active,.m-color-hash-1.c-Bar-hash .c-WarningButton-hash:focus,.m-color-hash-1.c-Foo-hash .c-WarningButton-hash:focus,.m-color-hash-1.c-Bar-hash .c-PrimaryButton-hash:focus,.m-color-hash-1.c-Foo-hash .c-PrimaryButton-hash:focus,.m-color-hash-1.c-Bar-hash .c-SucceessButton-hash:focus,.m-color-hash-1.c-Foo-hash .c-SucceessButton-hash:focus {
        color:red;
  }
  "
`;

exports[`parse css string correctly (with prop mixins) 8`] = `
"
    .m-color-hash-1.c-Bar-hash .c-WarningButton-hash:hover,.m-color-hash-1.c-Foo-hash .c-WarningButton-hash:hover,.m-color-hash-1.c-Bar-hash .c-PrimaryButton-hash:hover,.m-color-hash-1.c-Foo-hash .c-PrimaryButton-hash:hover,.m-color-hash-1.c-Bar-hash .c-SucceessButton-hash:hover,.m-color-hash-1.c-Foo-hash .c-SucceessButton-hash:hover,.m-color-hash-1.c-Bar-hash .c-WarningButton-hash:active,.m-color-hash-1.c-Foo-hash .c-WarningButton-hash:active,.m-color-hash-1.c-Bar-hash .c-PrimaryButton-hash:active,.m-color-hash-1.c-Foo-hash .c-PrimaryButton-hash:active,.m-color-hash-1.c-Bar-hash .c-SucceessButton-hash:active,.m-color-hash-1.c-Foo-hash .c-SucceessButton-hash:active,.m-color-hash-1.c-Bar-hash .c-WarningButton-hash:focus,.m-color-hash-1.c-Foo-hash .c-WarningButton-hash:focus,.m-color-hash-1.c-Bar-hash .c-PrimaryButton-hash:focus,.m-color-hash-1.c-Foo-hash .c-PrimaryButton-hash:focus,.m-color-hash-1.c-Bar-hash .c-SucceessButton-hash:focus,.m-color-hash-1.c-Foo-hash .c-SucceessButton-hash:focus {
        color:red;
  }
  "
`;

exports[`parse css string correctly (with prop mixins) 9`] = `
"
    .m-color-hash-1.c-Bar-hash .c-WarningButton-hash,.m-color-hash-1.c-Foo-hash .c-WarningButton-hash,.m-color-hash-1.c-Bar-hash .c-PrimaryButton-hash,.m-color-hash-1.c-Foo-hash .c-PrimaryButton-hash,.m-color-hash-1.c-Bar-hash .c-SucceessButton-hash,.m-color-hash-1.c-Foo-hash .c-SucceessButton-hash {
        color:red;
  }
  "
`;

exports[`parse css string correctly (with prop mixins) 10`] = `
"
    .m-padding-hash-1.c-Bar-hash .c-WarningButton-hash,.m-padding-hash-1.c-Foo-hash .c-WarningButton-hash,.m-padding-hash-1.c-Bar-hash .c-PrimaryButton-hash,.m-padding-hash-1.c-Foo-hash .c-PrimaryButton-hash,.m-padding-hash-1.c-Bar-hash .c-SucceessButton-hash,.m-padding-hash-1.c-Foo-hash .c-SucceessButton-hash {
        padding:10px;
  }
  "
`;

exports[`parse css string correctly (with prop mixins) 11`] = `
"
    .m-margin-hash-1.c-Bar-hash .c-WarningButton-hash,.m-margin-hash-1.c-Foo-hash .c-WarningButton-hash,.m-margin-hash-1.c-Bar-hash .c-PrimaryButton-hash,.m-margin-hash-1.c-Foo-hash .c-PrimaryButton-hash,.m-margin-hash-1.c-Bar-hash .c-SucceessButton-hash,.m-margin-hash-1.c-Foo-hash .c-SucceessButton-hash {
        margin:10px;
  }
  "
`;

exports[`parse css string correctly (with prop mixins) 12`] = `
"
    .m-margin-hash-1.c-Bar-hash .c-WarningButton-hash,.m-margin-hash-1.c-Foo-hash .c-WarningButton-hash,.m-margin-hash-1.c-Bar-hash .c-PrimaryButton-hash,.m-margin-hash-1.c-Foo-hash .c-PrimaryButton-hash,.m-margin-hash-1.c-Bar-hash .c-SucceessButton-hash,.m-margin-hash-1.c-Foo-hash .c-SucceessButton-hash {
        margin:10px;
  }
  "
`;

exports[`parse css string correctly (with prop mixins) 13`] = `
"
    .m-fontSize-hash-1.c-Bar-hash,.m-fontSize-hash-1.c-Foo-hash {
        font-size:50px;
  }
  "
`;
