// Jest Snapshot v1, https://goo.gl/fbAQLP

exports[`Render shortcuts 1`] = `
<button>
  Button
</button>
`;
